// Vitest Snapshot v1, https://vitest.dev/guide/snapshot.html

exports[`Should render Config correctly 1`] = `
<div>
  <div
    class="config"
  >
    <form>
      <div
        class="general"
      >
        <label>
          Number of questions:
          <select
            data-testid="general-questions"
            id="general-questions"
          >
            <option
              value="10"
            >
              10
            </option>
            <option
              value="25"
            >
              25
            </option>
            <option
              value="50"
            >
              50
            </option>
            <option
              value="100"
            >
              100
            </option>
          </select>
        </label>
        <label>
          Number range from:
          <select
            data-testid="general-range-from"
            id="general-range-from"
          >
            <option
              value="0"
            >
              0
            </option>
            <option
              value="10"
            >
              10
            </option>
            <option
              value="20"
            >
              20
            </option>
            <option
              value="30"
            >
              30
            </option>
            <option
              value="40"
            >
              40
            </option>
          </select>
        </label>
        <label>
          Number range to:
          <select
            data-testid="general-range-to"
            id="general-range-to"
          >
            <option
              value="10"
            >
              10
            </option>
            <option
              value="20"
            >
              20
            </option>
            <option
              value="30"
            >
              30
            </option>
            <option
              value="40"
            >
              40
            </option>
            <option
              value="50"
            >
              50
            </option>
          </select>
        </label>
      </div>
      <div
        class="addition"
      />
      <div
        class="subtraction"
      />
      <div
        class="multiplication"
      />
      <div
        class="division"
      />
    </form>
  </div>
</div>
`;

exports[`Should render Config correctly with modified data 1`] = `
<div>
  <div
    class="config"
  >
    <form>
      <div
        class="general"
      >
        <label>
          Number of questions:
          <select
            data-testid="general-questions"
            id="general-questions"
          >
            <option
              value="10"
            >
              10
            </option>
            <option
              value="25"
            >
              25
            </option>
            <option
              value="50"
            >
              50
            </option>
            <option
              value="100"
            >
              100
            </option>
          </select>
        </label>
        <label>
          Number range from:
          <select
            data-testid="general-range-from"
            id="general-range-from"
          >
            <option
              value="0"
            >
              0
            </option>
            <option
              value="10"
            >
              10
            </option>
            <option
              value="20"
            >
              20
            </option>
            <option
              value="30"
            >
              30
            </option>
            <option
              value="40"
            >
              40
            </option>
          </select>
        </label>
        <label>
          Number range to:
          <select
            data-testid="general-range-to"
            id="general-range-to"
          >
            <option
              value="10"
            >
              10
            </option>
            <option
              value="20"
            >
              20
            </option>
            <option
              value="30"
            >
              30
            </option>
            <option
              value="40"
            >
              40
            </option>
            <option
              value="50"
            >
              50
            </option>
          </select>
        </label>
      </div>
      <div
        class="addition"
      />
      <div
        class="subtraction"
      />
      <div
        class="multiplication"
      />
      <div
        class="division"
      />
    </form>
  </div>
</div>
`;
