// Jest Snapshot v1, https://goo.gl/fbAQLP

exports[`Should render Config correctly 1`] = `
<div
  className="config"
>
  <form>
    <div
      className="general"
    >
      <label>
        Number of questions:
        <select
          id="general-questions"
          onChange={[Function]}
          value="10"
        >
          <option
            value="10"
          >
            10
          </option>
          <option
            value="25"
          >
            25
          </option>
          <option
            value="50"
          >
            50
          </option>
          <option
            value="100"
          >
            100
          </option>
        </select>
      </label>
      <label>
        Number range from:
        <select
          id="general-range-from"
          onChange={[Function]}
          value="0"
        >
          <option
            value="0"
          >
            0
          </option>
          <option
            value="10"
          >
            10
          </option>
          <option
            value="20"
          >
            20
          </option>
          <option
            value="30"
          >
            30
          </option>
          <option
            value="40"
          >
            40
          </option>
        </select>
      </label>
      <label>
        Number range to:
        <select
          id="general-range-to"
          onChange={[Function]}
          value="10"
        >
          <option
            value="10"
          >
            10
          </option>
          <option
            value="20"
          >
            20
          </option>
          <option
            value="30"
          >
            30
          </option>
          <option
            value="40"
          >
            40
          </option>
          <option
            value="50"
          >
            50
          </option>
        </select>
      </label>
    </div>
    <div
      className="addition"
    />
    <div
      className="subtraction"
    />
    <div
      className="multiplication"
    />
    <div
      className="division"
    />
  </form>
</div>
`;

exports[`Should render Config correctly with modified data 1`] = `
<div
  className="config"
>
  <form>
    <div
      className="general"
    >
      <label>
        Number of questions:
        <select
          id="general-questions"
          onChange={[Function]}
          value="20"
        >
          <option
            value="10"
          >
            10
          </option>
          <option
            value="25"
          >
            25
          </option>
          <option
            value="50"
          >
            50
          </option>
          <option
            value="100"
          >
            100
          </option>
        </select>
      </label>
      <label>
        Number range from:
        <select
          id="general-range-from"
          onChange={[Function]}
          value="20"
        >
          <option
            value="0"
          >
            0
          </option>
          <option
            value="10"
          >
            10
          </option>
          <option
            value="20"
          >
            20
          </option>
          <option
            value="30"
          >
            30
          </option>
          <option
            value="40"
          >
            40
          </option>
        </select>
      </label>
      <label>
        Number range to:
        <select
          id="general-range-to"
          onChange={[Function]}
          value="30"
        >
          <option
            value="10"
          >
            10
          </option>
          <option
            value="20"
          >
            20
          </option>
          <option
            value="30"
          >
            30
          </option>
          <option
            value="40"
          >
            40
          </option>
          <option
            value="50"
          >
            50
          </option>
        </select>
      </label>
    </div>
    <div
      className="addition"
    />
    <div
      className="subtraction"
    />
    <div
      className="multiplication"
    />
    <div
      className="division"
    />
  </form>
</div>
`;
