// Jest Snapshot v1, https://goo.gl/fbAQLP

exports[`Should render MathGame correctly 1`] = `
<div
  className="game game-addition"
>
  <div
    className="game-view"
  >
    <GameHud
      answerOptions={
        Array [
          1,
          8,
          3,
          -4,
        ]
      }
      from={1}
      gameOver={false}
      hudCorrectAnswers={0}
      hudQuestionCurrent={1}
      operation="+"
      questionCount={10}
      questions={
        Array [
          Object {
            "ask": "a",
            "correct": 1,
            "distractors": Array [
              1,
              8,
              3,
              -4,
            ],
            "id": 0,
            "operandA": 1,
            "operandB": 4,
            "operation": "+",
            "result": 5,
          },
          Object {
            "ask": "b",
            "correct": 9,
            "distractors": Array [
              16,
              9,
              8,
              10,
            ],
            "id": 1,
            "operandA": 5,
            "operandB": 9,
            "operation": "+",
            "result": 14,
          },
          Object {
            "ask": "result",
            "correct": 19,
            "distractors": Array [
              18,
              24,
              21,
              19,
            ],
            "id": 2,
            "operandA": 9,
            "operandB": 10,
            "operation": "+",
            "result": 19,
          },
          Object {
            "ask": "result",
            "correct": 11,
            "distractors": Array [
              13,
              16,
              9,
              11,
            ],
            "id": 3,
            "operandA": 4,
            "operandB": 7,
            "operation": "+",
            "result": 11,
          },
          Object {
            "ask": "result",
            "correct": 12,
            "distractors": Array [
              14,
              17,
              12,
              10,
            ],
            "id": 4,
            "operandA": 2,
            "operandB": 10,
            "operation": "+",
            "result": 12,
          },
          Object {
            "ask": "result",
            "correct": 20,
            "distractors": Array [
              17,
              26,
              20,
              22,
            ],
            "id": 5,
            "operandA": 10,
            "operandB": 10,
            "operation": "+",
            "result": 20,
          },
          Object {
            "ask": "a",
            "correct": 9,
            "distractors": Array [
              11,
              14,
              9,
              4,
            ],
            "id": 6,
            "operandA": 9,
            "operandB": 10,
            "operation": "+",
            "result": 19,
          },
          Object {
            "ask": "b",
            "correct": 7,
            "distractors": Array [
              11,
              7,
              4,
              8,
            ],
            "id": 7,
            "operandA": 8,
            "operandB": 7,
            "operation": "+",
            "result": 15,
          },
          Object {
            "ask": "a",
            "correct": 7,
            "distractors": Array [
              7,
              1,
              9,
              13,
            ],
            "id": 8,
            "operandA": 7,
            "operandB": 3,
            "operation": "+",
            "result": 10,
          },
          Object {
            "ask": "a",
            "correct": 1,
            "distractors": Array [
              -6,
              3,
              6,
              1,
            ],
            "id": 9,
            "operandA": 1,
            "operandB": 4,
            "operation": "+",
            "result": 5,
          },
        ]
      }
      to={10}
      type=":addition"
    />
    <Equation
      ask="a"
      correct={1}
      distractors={
        Array [
          1,
          8,
          3,
          -4,
        ]
      }
      id={0}
      operandA={1}
      operandB={4}
      operation="+"
      result={5}
    />
    <GameAnswers
      onSelection={[Function]}
      options={
        Array [
          1,
          8,
          3,
          -4,
        ]
      }
    />
  </div>
</div>
`;
